2025-01-13 02:30:40 INFO  o.s.t.c.s.AnnotationConfigContextLoaderUtils - Could not detect default configuration classes for test class [jwtSecurity.example.authService.controller.AuthControllerIntegrationTest]: AuthControllerIntegrationTest does not declare any static, non-private, non-final, nested classes annotated with @Configuration.
2025-01-13 02:30:40 INFO  o.s.b.t.c.SpringBootTestContextBootstrapper - Found @SpringBootConfiguration jwtSecurity.example.authService.AuthServiceApplication for test class jwtSecurity.example.authService.controller.AuthControllerIntegrationTest
2025-01-13 02:30:40 INFO  o.s.t.c.s.AnnotationConfigContextLoaderUtils - Could not detect default configuration classes for test class [jwtSecurity.example.authService.repository.RoleRepositoryTest]: RoleRepositoryTest does not declare any static, non-private, non-final, nested classes annotated with @Configuration.
2025-01-13 02:30:40 INFO  o.s.b.t.c.SpringBootTestContextBootstrapper - Found @SpringBootConfiguration jwtSecurity.example.authService.AuthServiceApplication for test class jwtSecurity.example.authService.repository.RoleRepositoryTest
2025-01-13 02:30:40 INFO  o.s.t.c.s.AnnotationConfigContextLoaderUtils - Could not detect default configuration classes for test class [jwtSecurity.example.authService.repository.UserRepositoryTest]: UserRepositoryTest does not declare any static, non-private, non-final, nested classes annotated with @Configuration.
2025-01-13 02:30:40 INFO  o.s.b.t.c.SpringBootTestContextBootstrapper - Found @SpringBootConfiguration jwtSecurity.example.authService.AuthServiceApplication for test class jwtSecurity.example.authService.repository.UserRepositoryTest
2025-01-13 02:30:40 INFO  j.e.a.service.Impl.AuthServiceImpl - Checking if user exists with email: testuser@example.com
2025-01-13 02:30:40 INFO  j.e.a.service.Impl.AuthServiceImpl - Attempting to authenticate user: testuser
2025-01-13 02:30:40 INFO  j.e.a.service.Impl.AuthServiceImpl - Authentication successful for user: testuser
2025-01-13 02:33:52 INFO  o.s.t.c.s.AnnotationConfigContextLoaderUtils - Could not detect default configuration classes for test class [jwtSecurity.example.authService.controller.AuthControllerIntegrationTest]: AuthControllerIntegrationTest does not declare any static, non-private, non-final, nested classes annotated with @Configuration.
2025-01-13 02:33:53 INFO  o.s.b.t.c.SpringBootTestContextBootstrapper - Found @SpringBootConfiguration jwtSecurity.example.authService.AuthServiceApplication for test class jwtSecurity.example.authService.controller.AuthControllerIntegrationTest
2025-01-13 02:33:53 INFO  o.s.t.c.s.AnnotationConfigContextLoaderUtils - Could not detect default configuration classes for test class [jwtSecurity.example.authService.repository.RoleRepositoryTest]: RoleRepositoryTest does not declare any static, non-private, non-final, nested classes annotated with @Configuration.
2025-01-13 02:33:53 INFO  o.s.b.t.c.SpringBootTestContextBootstrapper - Found @SpringBootConfiguration jwtSecurity.example.authService.AuthServiceApplication for test class jwtSecurity.example.authService.repository.RoleRepositoryTest
2025-01-13 02:33:53 INFO  o.s.t.c.s.AnnotationConfigContextLoaderUtils - Could not detect default configuration classes for test class [jwtSecurity.example.authService.repository.UserRepositoryTest]: UserRepositoryTest does not declare any static, non-private, non-final, nested classes annotated with @Configuration.
2025-01-13 02:33:53 INFO  o.s.b.t.c.SpringBootTestContextBootstrapper - Found @SpringBootConfiguration jwtSecurity.example.authService.AuthServiceApplication for test class jwtSecurity.example.authService.repository.UserRepositoryTest
2025-01-13 02:33:53 INFO  j.e.a.service.Impl.AuthServiceImpl - Checking if user exists with email: testuser@example.com
2025-01-13 02:33:53 INFO  j.e.a.service.Impl.AuthServiceImpl - Attempting to authenticate user: testuser
2025-01-13 02:33:53 INFO  j.e.a.service.Impl.AuthServiceImpl - Authentication successful for user: testuser
2025-01-13 02:38:57 INFO  o.s.t.c.s.AnnotationConfigContextLoaderUtils - Could not detect default configuration classes for test class [jwtSecurity.example.authService.controller.AuthControllerIntegrationTest]: AuthControllerIntegrationTest does not declare any static, non-private, non-final, nested classes annotated with @Configuration.
2025-01-13 02:38:58 INFO  o.s.b.t.c.SpringBootTestContextBootstrapper - Found @SpringBootConfiguration jwtSecurity.example.authService.AuthServiceApplication for test class jwtSecurity.example.authService.controller.AuthControllerIntegrationTest
2025-01-13 02:38:58 INFO  o.s.t.c.s.AnnotationConfigContextLoaderUtils - Could not detect default configuration classes for test class [jwtSecurity.example.authService.repository.RoleRepositoryTest]: RoleRepositoryTest does not declare any static, non-private, non-final, nested classes annotated with @Configuration.
2025-01-13 02:38:58 INFO  o.s.b.t.c.SpringBootTestContextBootstrapper - Found @SpringBootConfiguration jwtSecurity.example.authService.AuthServiceApplication for test class jwtSecurity.example.authService.repository.RoleRepositoryTest
2025-01-13 02:38:58 INFO  o.s.t.c.s.AnnotationConfigContextLoaderUtils - Could not detect default configuration classes for test class [jwtSecurity.example.authService.repository.UserRepositoryTest]: UserRepositoryTest does not declare any static, non-private, non-final, nested classes annotated with @Configuration.
2025-01-13 02:38:58 INFO  o.s.b.t.c.SpringBootTestContextBootstrapper - Found @SpringBootConfiguration jwtSecurity.example.authService.AuthServiceApplication for test class jwtSecurity.example.authService.repository.UserRepositoryTest
2025-01-13 02:38:58 INFO  j.e.a.service.Impl.AuthServiceImpl - Checking if user exists with email: testuser@example.com
2025-01-13 02:38:58 INFO  j.e.a.service.Impl.AuthServiceImpl - Attempting to authenticate user: testuser
2025-01-13 02:38:58 INFO  j.e.a.service.Impl.AuthServiceImpl - Authentication successful for user: testuser
2025-01-13 02:40:53 INFO  o.s.t.c.s.AnnotationConfigContextLoaderUtils - Could not detect default configuration classes for test class [jwtSecurity.example.authService.controller.AuthControllerIntegrationTest]: AuthControllerIntegrationTest does not declare any static, non-private, non-final, nested classes annotated with @Configuration.
2025-01-13 02:40:54 INFO  o.s.b.t.c.SpringBootTestContextBootstrapper - Found @SpringBootConfiguration jwtSecurity.example.authService.AuthServiceApplication for test class jwtSecurity.example.authService.controller.AuthControllerIntegrationTest
2025-01-13 02:40:54 INFO  o.s.t.c.s.AnnotationConfigContextLoaderUtils - Could not detect default configuration classes for test class [jwtSecurity.example.authService.repository.RoleRepositoryTest]: RoleRepositoryTest does not declare any static, non-private, non-final, nested classes annotated with @Configuration.
2025-01-13 02:40:54 INFO  o.s.b.t.c.SpringBootTestContextBootstrapper - Found @SpringBootConfiguration jwtSecurity.example.authService.AuthServiceApplication for test class jwtSecurity.example.authService.repository.RoleRepositoryTest
2025-01-13 02:40:54 INFO  o.s.t.c.s.AnnotationConfigContextLoaderUtils - Could not detect default configuration classes for test class [jwtSecurity.example.authService.repository.UserRepositoryTest]: UserRepositoryTest does not declare any static, non-private, non-final, nested classes annotated with @Configuration.
2025-01-13 02:40:54 INFO  o.s.b.t.c.SpringBootTestContextBootstrapper - Found @SpringBootConfiguration jwtSecurity.example.authService.AuthServiceApplication for test class jwtSecurity.example.authService.repository.UserRepositoryTest
2025-01-13 02:40:54 INFO  j.e.a.service.Impl.AuthServiceImpl - Checking if user exists with email: testuser@example.com
2025-01-13 02:40:54 INFO  j.e.a.service.Impl.AuthServiceImpl - Attempting to authenticate user: testuser
2025-01-13 02:40:54 INFO  j.e.a.service.Impl.AuthServiceImpl - Authentication successful for user: testuser
2025-01-13 02:44:09 INFO  o.s.t.c.s.AnnotationConfigContextLoaderUtils - Could not detect default configuration classes for test class [jwtSecurity.example.authService.controller.AuthControllerIntegrationTest]: AuthControllerIntegrationTest does not declare any static, non-private, non-final, nested classes annotated with @Configuration.
2025-01-13 02:44:10 INFO  o.s.b.t.c.SpringBootTestContextBootstrapper - Found @SpringBootConfiguration jwtSecurity.example.authService.AuthServiceApplication for test class jwtSecurity.example.authService.controller.AuthControllerIntegrationTest
2025-01-13 02:44:10 INFO  o.s.t.c.s.AnnotationConfigContextLoaderUtils - Could not detect default configuration classes for test class [jwtSecurity.example.authService.repository.RoleRepositoryTest]: RoleRepositoryTest does not declare any static, non-private, non-final, nested classes annotated with @Configuration.
2025-01-13 02:44:10 INFO  o.s.b.t.c.SpringBootTestContextBootstrapper - Found @SpringBootConfiguration jwtSecurity.example.authService.AuthServiceApplication for test class jwtSecurity.example.authService.repository.RoleRepositoryTest
2025-01-13 02:44:10 INFO  o.s.t.c.s.AnnotationConfigContextLoaderUtils - Could not detect default configuration classes for test class [jwtSecurity.example.authService.repository.UserRepositoryTest]: UserRepositoryTest does not declare any static, non-private, non-final, nested classes annotated with @Configuration.
2025-01-13 02:44:10 INFO  o.s.b.t.c.SpringBootTestContextBootstrapper - Found @SpringBootConfiguration jwtSecurity.example.authService.AuthServiceApplication for test class jwtSecurity.example.authService.repository.UserRepositoryTest
2025-01-13 02:44:10 INFO  j.e.a.service.Impl.AuthServiceImpl - Checking if user exists with email: testuser@example.com
2025-01-13 02:44:10 INFO  j.e.a.service.Impl.AuthServiceImpl - Attempting to authenticate user: testuser
2025-01-13 02:44:10 INFO  j.e.a.service.Impl.AuthServiceImpl - Authentication successful for user: testuser
2025-01-13 02:45:07 INFO  j.e.a.service.Impl.AuthServiceImpl - Checking if user exists with email: testuser@example.com
2025-01-13 02:45:07 INFO  j.e.a.service.Impl.AuthServiceImpl - Attempting to authenticate user: testuser
2025-01-13 02:45:07 INFO  j.e.a.service.Impl.AuthServiceImpl - Authentication successful for user: testuser
2025-01-13 03:02:02 INFO  j.e.a.service.Impl.AuthServiceImpl - Checking if user exists with email: testuser@example.com
2025-01-13 03:02:02 INFO  j.e.a.service.Impl.AuthServiceImpl - Attempting to authenticate user: testuser
2025-01-13 03:02:02 INFO  j.e.a.service.Impl.AuthServiceImpl - Authentication successful for user: testuser
